// Jest Snapshot v1, https://goo.gl/fbAQLP

exports[`Pruebas en <DashboardRoutes/> debe mostrarse correctamente - DC 1`] = `
Array [
  <nav
    className="navbar navbar-expand-sm navbar-dark bg-dark"
  >
    <a
      className="navbar-brand"
      href="/"
      onClick={[Function]}
    >
      Asociaciones
    </a>
    <div
      className="navbar-collapse"
    >
      <div
        className="navbar-nav"
      >
        <a
          className="nav-item nav-link"
          href="/marvel"
          onClick={[Function]}
        >
          Marvel
        </a>
        <a
          aria-current="page"
          className="nav-item nav-link active"
          href="/dc"
          onClick={[Function]}
        >
          DC
        </a>
        <a
          className="nav-item nav-link"
          href="/search"
          onClick={[Function]}
        >
          Search
        </a>
      </div>
    </div>
    <div
      className="navbar-collapse collapse w-100 order-3 dual-collapse2 d-flex justify-content-end"
    >
      <ul
        className="navbar-nav ml-auto"
      >
        <span
          className="nav-item nav-link text-info"
        >
          Juan
           
        </span>
        <button
          className="nav-item nav-link btn"
          onClick={[Function]}
        >
          Logout
        </button>
      </ul>
    </div>
  </nav>,
  <div
    className="container"
  >
    <div>
      <h1>
        DcScreen
      </h1>
      <hr />
      <div
        className="row  row-cols-1 row-cols-md-3 g-3 animate__animated animate__fadeIn"
      >
        <div
          className="col animate__animated animate__fadeIn"
        >
          <div
            className="card"
          >
            <div
              className="row no-gutters"
            >
              <div
                className="col-4"
              >
                <img
                  alt="Batman"
                  className="card-img"
                  src="/assets/heroes/dc-batman.jpg"
                />
              </div>
              <div
                className="col-8"
              >
                <div
                  className="card-body"
                >
                  <div
                    className="cart-title"
                  >
                     
                    Batman
                     
                  </div>
                  <p
                    className="cart-text"
                  >
                     
                    Bruce Wayne
                     
                  </p>
                </div>
                <p
                  className="card-text"
                >
                  <small
                    className="text-muted"
                  >
                    Detective Comics #27
                  </small>
                </p>
                <a
                  href="/hero/dc-batman"
                  onClick={[Function]}
                >
                  ver más
                </a>
              </div>
            </div>
          </div>
        </div>
        <div
          className="col animate__animated animate__fadeIn"
        >
          <div
            className="card"
          >
            <div
              className="row no-gutters"
            >
              <div
                className="col-4"
              >
                <img
                  alt="Superman"
                  className="card-img"
                  src="/assets/heroes/dc-superman.jpg"
                />
              </div>
              <div
                className="col-8"
              >
                <div
                  className="card-body"
                >
                  <div
                    className="cart-title"
                  >
                     
                    Superman
                     
                  </div>
                  <p
                    className="cart-text"
                  >
                     
                    Kal-El
                     
                  </p>
                </div>
                <p
                  className="card-text"
                >
                  <small
                    className="text-muted"
                  >
                    Action Comics #1
                  </small>
                </p>
                <a
                  href="/hero/dc-superman"
                  onClick={[Function]}
                >
                  ver más
                </a>
              </div>
            </div>
          </div>
        </div>
        <div
          className="col animate__animated animate__fadeIn"
        >
          <div
            className="card"
          >
            <div
              className="row no-gutters"
            >
              <div
                className="col-4"
              >
                <img
                  alt="Flash"
                  className="card-img"
                  src="/assets/heroes/dc-flash.jpg"
                />
              </div>
              <div
                className="col-8"
              >
                <div
                  className="card-body"
                >
                  <div
                    className="cart-title"
                  >
                     
                    Flash
                     
                  </div>
                  <p
                    className="cart-text"
                  >
                     
                    Jay Garrick
                     
                  </p>
                </div>
                <p
                  className="text-muted"
                >
                  Jay Garrick, Barry Allen, Wally West, Bart Allen
                </p>
                <p
                  className="card-text"
                >
                  <small
                    className="text-muted"
                  >
                    Flash Comics #1
                  </small>
                </p>
                <a
                  href="/hero/dc-flash"
                  onClick={[Function]}
                >
                  ver más
                </a>
              </div>
            </div>
          </div>
        </div>
        <div
          className="col animate__animated animate__fadeIn"
        >
          <div
            className="card"
          >
            <div
              className="row no-gutters"
            >
              <div
                className="col-4"
              >
                <img
                  alt="Green Lantern"
                  className="card-img"
                  src="/assets/heroes/dc-green.jpg"
                />
              </div>
              <div
                className="col-8"
              >
                <div
                  className="card-body"
                >
                  <div
                    className="cart-title"
                  >
                     
                    Green Lantern
                     
                  </div>
                  <p
                    className="cart-text"
                  >
                     
                    Alan Scott
                     
                  </p>
                </div>
                <p
                  className="text-muted"
                >
                  Alan Scott, Hal Jordan, Guy Gardner, John Stewart, Kyle Raynor, Jade, Sinestro, Simon Baz
                </p>
                <p
                  className="card-text"
                >
                  <small
                    className="text-muted"
                  >
                    All-American Comics #16
                  </small>
                </p>
                <a
                  href="/hero/dc-green"
                  onClick={[Function]}
                >
                  ver más
                </a>
              </div>
            </div>
          </div>
        </div>
        <div
          className="col animate__animated animate__fadeIn"
        >
          <div
            className="card"
          >
            <div
              className="row no-gutters"
            >
              <div
                className="col-4"
              >
                <img
                  alt="Green Arrow"
                  className="card-img"
                  src="/assets/heroes/dc-arrow.jpg"
                />
              </div>
              <div
                className="col-8"
              >
                <div
                  className="card-body"
                >
                  <div
                    className="cart-title"
                  >
                     
                    Green Arrow
                     
                  </div>
                  <p
                    className="cart-text"
                  >
                     
                    Oliver Queen
                     
                  </p>
                </div>
                <p
                  className="card-text"
                >
                  <small
                    className="text-muted"
                  >
                    More Fun Comics #73
                  </small>
                </p>
                <a
                  href="/hero/dc-arrow"
                  onClick={[Function]}
                >
                  ver más
                </a>
              </div>
            </div>
          </div>
        </div>
        <div
          className="col animate__animated animate__fadeIn"
        >
          <div
            className="card"
          >
            <div
              className="row no-gutters"
            >
              <div
                className="col-4"
              >
                <img
                  alt="Wonder Woman"
                  className="card-img"
                  src="/assets/heroes/dc-wonder.jpg"
                />
              </div>
              <div
                className="col-8"
              >
                <div
                  className="card-body"
                >
                  <div
                    className="cart-title"
                  >
                     
                    Wonder Woman
                     
                  </div>
                  <p
                    className="cart-text"
                  >
                     
                    Princess Diana
                     
                  </p>
                </div>
                <p
                  className="card-text"
                >
                  <small
                    className="text-muted"
                  >
                    All Star Comics #8
                  </small>
                </p>
                <a
                  href="/hero/dc-wonder"
                  onClick={[Function]}
                >
                  ver más
                </a>
              </div>
            </div>
          </div>
        </div>
        <div
          className="col animate__animated animate__fadeIn"
        >
          <div
            className="card"
          >
            <div
              className="row no-gutters"
            >
              <div
                className="col-4"
              >
                <img
                  alt="Martian Manhunter"
                  className="card-img"
                  src="/assets/heroes/dc-martian.jpg"
                />
              </div>
              <div
                className="col-8"
              >
                <div
                  className="card-body"
                >
                  <div
                    className="cart-title"
                  >
                     
                    Martian Manhunter
                     
                  </div>
                  <p
                    className="cart-text"
                  >
                     
                    J'onn J'onzz
                     
                  </p>
                </div>
                <p
                  className="text-muted"
                >
                  Martian Manhunter
                </p>
                <p
                  className="card-text"
                >
                  <small
                    className="text-muted"
                  >
                    Detective Comics #225
                  </small>
                </p>
                <a
                  href="/hero/dc-martian"
                  onClick={[Function]}
                >
                  ver más
                </a>
              </div>
            </div>
          </div>
        </div>
        <div
          className="col animate__animated animate__fadeIn"
        >
          <div
            className="card"
          >
            <div
              className="row no-gutters"
            >
              <div
                className="col-4"
              >
                <img
                  alt="Robin/Nightwing"
                  className="card-img"
                  src="/assets/heroes/dc-robin.jpg"
                />
              </div>
              <div
                className="col-8"
              >
                <div
                  className="card-body"
                >
                  <div
                    className="cart-title"
                  >
                     
                    Robin/Nightwing
                     
                  </div>
                  <p
                    className="cart-text"
                  >
                     
                    Dick Grayson
                     
                  </p>
                </div>
                <p
                  className="card-text"
                >
                  <small
                    className="text-muted"
                  >
                    Detective Comics #38
                  </small>
                </p>
                <a
                  href="/hero/dc-robin"
                  onClick={[Function]}
                >
                  ver más
                </a>
              </div>
            </div>
          </div>
        </div>
        <div
          className="col animate__animated animate__fadeIn"
        >
          <div
            className="card"
          >
            <div
              className="row no-gutters"
            >
              <div
                className="col-4"
              >
                <img
                  alt="Blue Beetle"
                  className="card-img"
                  src="/assets/heroes/dc-blue.jpg"
                />
              </div>
              <div
                className="col-8"
              >
                <div
                  className="card-body"
                >
                  <div
                    className="cart-title"
                  >
                     
                    Blue Beetle
                     
                  </div>
                  <p
                    className="cart-text"
                  >
                     
                    Dan Garret
                     
                  </p>
                </div>
                <p
                  className="text-muted"
                >
                  Dan Garret, Ted Kord, Jaime Reyes
                </p>
                <p
                  className="card-text"
                >
                  <small
                    className="text-muted"
                  >
                    Mystery Men Comics #1
                  </small>
                </p>
                <a
                  href="/hero/dc-blue"
                  onClick={[Function]}
                >
                  ver más
                </a>
              </div>
            </div>
          </div>
        </div>
        <div
          className="col animate__animated animate__fadeIn"
        >
          <div
            className="card"
          >
            <div
              className="row no-gutters"
            >
              <div
                className="col-4"
              >
                <img
                  alt="Black Canary"
                  className="card-img"
                  src="/assets/heroes/dc-black.jpg"
                />
              </div>
              <div
                className="col-8"
              >
                <div
                  className="card-body"
                >
                  <div
                    className="cart-title"
                  >
                     
                    Black Canary
                     
                  </div>
                  <p
                    className="cart-text"
                  >
                     
                    Dinah Drake
                     
                  </p>
                </div>
                <p
                  className="text-muted"
                >
                  Dinah Drake, Dinah Lance
                </p>
                <p
                  className="card-text"
                >
                  <small
                    className="text-muted"
                  >
                    Flash Comics #86
                  </small>
                </p>
                <a
                  href="/hero/dc-black"
                  onClick={[Function]}
                >
                  ver más
                </a>
              </div>
            </div>
          </div>
        </div>
      </div>
    </div>
  </div>,
]
`;

exports[`Pruebas en <DashboardRoutes/> debe mostrarse correctamente - Marvel 1`] = `
Array [
  <nav
    className="navbar navbar-expand-sm navbar-dark bg-dark"
  >
    <a
      className="navbar-brand"
      href="/"
      onClick={[Function]}
    >
      Asociaciones
    </a>
    <div
      className="navbar-collapse"
    >
      <div
        className="navbar-nav"
      >
        <a
          className="nav-item nav-link"
          href="/marvel"
          onClick={[Function]}
        >
          Marvel
        </a>
        <a
          className="nav-item nav-link"
          href="/dc"
          onClick={[Function]}
        >
          DC
        </a>
        <a
          className="nav-item nav-link"
          href="/search"
          onClick={[Function]}
        >
          Search
        </a>
      </div>
    </div>
    <div
      className="navbar-collapse collapse w-100 order-3 dual-collapse2 d-flex justify-content-end"
    >
      <ul
        className="navbar-nav ml-auto"
      >
        <span
          className="nav-item nav-link text-info"
        >
          Juan
           
        </span>
        <button
          className="nav-item nav-link btn"
          onClick={[Function]}
        >
          Logout
        </button>
      </ul>
    </div>
  </nav>,
  <div
    className="container"
  >
    <div>
      <h1>
        MarvelScreen
      </h1>
      <div
        className="row  row-cols-1 row-cols-md-3 g-3 animate__animated animate__fadeIn"
      >
        <div
          className="col animate__animated animate__fadeIn"
        >
          <div
            className="card"
          >
            <div
              className="row no-gutters"
            >
              <div
                className="col-4"
              >
                <img
                  alt="Spider Man"
                  className="card-img"
                  src="/assets/heroes/marvel-spider.jpg"
                />
              </div>
              <div
                className="col-8"
              >
                <div
                  className="card-body"
                >
                  <div
                    className="cart-title"
                  >
                     
                    Spider Man
                     
                  </div>
                  <p
                    className="cart-text"
                  >
                     
                    Peter Parker
                     
                  </p>
                </div>
                <p
                  className="card-text"
                >
                  <small
                    className="text-muted"
                  >
                    Amazing Fantasy #15
                  </small>
                </p>
                <a
                  href="/hero/marvel-spider"
                  onClick={[Function]}
                >
                  ver más
                </a>
              </div>
            </div>
          </div>
        </div>
        <div
          className="col animate__animated animate__fadeIn"
        >
          <div
            className="card"
          >
            <div
              className="row no-gutters"
            >
              <div
                className="col-4"
              >
                <img
                  alt="Captain America"
                  className="card-img"
                  src="/assets/heroes/marvel-captain.jpg"
                />
              </div>
              <div
                className="col-8"
              >
                <div
                  className="card-body"
                >
                  <div
                    className="cart-title"
                  >
                     
                    Captain America
                     
                  </div>
                  <p
                    className="cart-text"
                  >
                     
                    Steve Rogers
                     
                  </p>
                </div>
                <p
                  className="card-text"
                >
                  <small
                    className="text-muted"
                  >
                    Captain America Comics #1
                  </small>
                </p>
                <a
                  href="/hero/marvel-captain"
                  onClick={[Function]}
                >
                  ver más
                </a>
              </div>
            </div>
          </div>
        </div>
        <div
          className="col animate__animated animate__fadeIn"
        >
          <div
            className="card"
          >
            <div
              className="row no-gutters"
            >
              <div
                className="col-4"
              >
                <img
                  alt="Iron Man"
                  className="card-img"
                  src="/assets/heroes/marvel-iron.jpg"
                />
              </div>
              <div
                className="col-8"
              >
                <div
                  className="card-body"
                >
                  <div
                    className="cart-title"
                  >
                     
                    Iron Man
                     
                  </div>
                  <p
                    className="cart-text"
                  >
                     
                    Tony Stark
                     
                  </p>
                </div>
                <p
                  className="card-text"
                >
                  <small
                    className="text-muted"
                  >
                    Tales of Suspense #39
                  </small>
                </p>
                <a
                  href="/hero/marvel-iron"
                  onClick={[Function]}
                >
                  ver más
                </a>
              </div>
            </div>
          </div>
        </div>
        <div
          className="col animate__animated animate__fadeIn"
        >
          <div
            className="card"
          >
            <div
              className="row no-gutters"
            >
              <div
                className="col-4"
              >
                <img
                  alt="Thor"
                  className="card-img"
                  src="/assets/heroes/marvel-thor.jpg"
                />
              </div>
              <div
                className="col-8"
              >
                <div
                  className="card-body"
                >
                  <div
                    className="cart-title"
                  >
                     
                    Thor
                     
                  </div>
                  <p
                    className="cart-text"
                  >
                     
                    Thor Odinson
                     
                  </p>
                </div>
                <p
                  className="card-text"
                >
                  <small
                    className="text-muted"
                  >
                    Journey into Myster #83
                  </small>
                </p>
                <a
                  href="/hero/marvel-thor"
                  onClick={[Function]}
                >
                  ver más
                </a>
              </div>
            </div>
          </div>
        </div>
        <div
          className="col animate__animated animate__fadeIn"
        >
          <div
            className="card"
          >
            <div
              className="row no-gutters"
            >
              <div
                className="col-4"
              >
                <img
                  alt="Hulk"
                  className="card-img"
                  src="/assets/heroes/marvel-hulk.jpg"
                />
              </div>
              <div
                className="col-8"
              >
                <div
                  className="card-body"
                >
                  <div
                    className="cart-title"
                  >
                     
                    Hulk
                     
                  </div>
                  <p
                    className="cart-text"
                  >
                     
                    Bruce Banner
                     
                  </p>
                </div>
                <p
                  className="card-text"
                >
                  <small
                    className="text-muted"
                  >
                    The Incredible Hulk #1
                  </small>
                </p>
                <a
                  href="/hero/marvel-hulk"
                  onClick={[Function]}
                >
                  ver más
                </a>
              </div>
            </div>
          </div>
        </div>
        <div
          className="col animate__animated animate__fadeIn"
        >
          <div
            className="card"
          >
            <div
              className="row no-gutters"
            >
              <div
                className="col-4"
              >
                <img
                  alt="Wolverine"
                  className="card-img"
                  src="/assets/heroes/marvel-wolverine.jpg"
                />
              </div>
              <div
                className="col-8"
              >
                <div
                  className="card-body"
                >
                  <div
                    className="cart-title"
                  >
                     
                    Wolverine
                     
                  </div>
                  <p
                    className="cart-text"
                  >
                     
                    James Howlett
                     
                  </p>
                </div>
                <p
                  className="card-text"
                >
                  <small
                    className="text-muted"
                  >
                    The Incredible Hulk #180
                  </small>
                </p>
                <a
                  href="/hero/marvel-wolverine"
                  onClick={[Function]}
                >
                  ver más
                </a>
              </div>
            </div>
          </div>
        </div>
        <div
          className="col animate__animated animate__fadeIn"
        >
          <div
            className="card"
          >
            <div
              className="row no-gutters"
            >
              <div
                className="col-4"
              >
                <img
                  alt="Daredevil"
                  className="card-img"
                  src="/assets/heroes/marvel-daredevil.jpg"
                />
              </div>
              <div
                className="col-8"
              >
                <div
                  className="card-body"
                >
                  <div
                    className="cart-title"
                  >
                     
                    Daredevil
                     
                  </div>
                  <p
                    className="cart-text"
                  >
                     
                    Matthew Michael Murdock
                     
                  </p>
                </div>
                <p
                  className="card-text"
                >
                  <small
                    className="text-muted"
                  >
                    Daredevil #1
                  </small>
                </p>
                <a
                  href="/hero/marvel-daredevil"
                  onClick={[Function]}
                >
                  ver más
                </a>
              </div>
            </div>
          </div>
        </div>
        <div
          className="col animate__animated animate__fadeIn"
        >
          <div
            className="card"
          >
            <div
              className="row no-gutters"
            >
              <div
                className="col-4"
              >
                <img
                  alt="Hawkeye"
                  className="card-img"
                  src="/assets/heroes/marvel-hawkeye.jpg"
                />
              </div>
              <div
                className="col-8"
              >
                <div
                  className="card-body"
                >
                  <div
                    className="cart-title"
                  >
                     
                    Hawkeye
                     
                  </div>
                  <p
                    className="cart-text"
                  >
                     
                    Clinton Francis Barton
                     
                  </p>
                </div>
                <p
                  className="card-text"
                >
                  <small
                    className="text-muted"
                  >
                    Tales of Suspense #57
                  </small>
                </p>
                <a
                  href="/hero/marvel-hawkeye"
                  onClick={[Function]}
                >
                  ver más
                </a>
              </div>
            </div>
          </div>
        </div>
        <div
          className="col animate__animated animate__fadeIn"
        >
          <div
            className="card"
          >
            <div
              className="row no-gutters"
            >
              <div
                className="col-4"
              >
                <img
                  alt="Cyclops"
                  className="card-img"
                  src="/assets/heroes/marvel-cyclops.jpg"
                />
              </div>
              <div
                className="col-8"
              >
                <div
                  className="card-body"
                >
                  <div
                    className="cart-title"
                  >
                     
                    Cyclops
                     
                  </div>
                  <p
                    className="cart-text"
                  >
                     
                    Scott Summers
                     
                  </p>
                </div>
                <p
                  className="card-text"
                >
                  <small
                    className="text-muted"
                  >
                    X-Men #1
                  </small>
                </p>
                <a
                  href="/hero/marvel-cyclops"
                  onClick={[Function]}
                >
                  ver más
                </a>
              </div>
            </div>
          </div>
        </div>
        <div
          className="col animate__animated animate__fadeIn"
        >
          <div
            className="card"
          >
            <div
              className="row no-gutters"
            >
              <div
                className="col-4"
              >
                <img
                  alt="Silver Surfer"
                  className="card-img"
                  src="/assets/heroes/marvel-silver.jpg"
                />
              </div>
              <div
                className="col-8"
              >
                <div
                  className="card-body"
                >
                  <div
                    className="cart-title"
                  >
                     
                    Silver Surfer
                     
                  </div>
                  <p
                    className="cart-text"
                  >
                     
                    Norrin Radd
                     
                  </p>
                </div>
                <p
                  className="card-text"
                >
                  <small
                    className="text-muted"
                  >
                    The Fantastic Four #48
                  </small>
                </p>
                <a
                  href="/hero/marvel-silver"
                  onClick={[Function]}
                >
                  ver más
                </a>
              </div>
            </div>
          </div>
        </div>
      </div>
    </div>
  </div>,
]
`;
